[INFO] Scanning for projects...
[INFO] 
[INFO] -------------------------< com.hag:hag-runner >-------------------------
[INFO] Building hag-runner 1.0.0-SNAPSHOT
[INFO]   from pom.xml
[INFO] --------------------------------[ jar ]---------------------------------
[INFO] 
[INFO] --- clean:3.2.0:clean (default-clean) @ hag-runner ---
[INFO] Deleting C:\Test Automation\H-A-G\hag-runner\target
[INFO] 
[INFO] --- resources:3.3.1:resources (default-resources) @ hag-runner ---
[INFO] Copying 1 resource from src\main\resources to target\classes
[INFO] 
[INFO] --- compiler:3.14.1:compile (default-compile) @ hag-runner ---
[INFO] Recompiling the module because of changed source code.
[INFO] Compiling 7 source files with javac [debug target 17] to target\classes
[INFO] -------------------------------------------------------------
[ERROR] COMPILATION ERROR : 
[INFO] -------------------------------------------------------------
[ERROR] /C:/Test Automation/H-A-G/hag-runner/src/main/java/com/hag/runner/HagTestBase.java:[3,27] package com.hag.api.adapter does not exist
[ERROR] /C:/Test Automation/H-A-G/hag-runner/src/main/java/com/hag/runner/HagTestBase.java:[6,26] package com.hag.db.adapter does not exist
[ERROR] /C:/Test Automation/H-A-G/hag-runner/src/main/java/com/hag/runner/HagTestBase.java:[7,28] package com.hag.db.bootstrap does not exist
[ERROR] /C:/Test Automation/H-A-G/hag-runner/src/main/java/com/hag/runner/bootstrap/FrameworkBootstrap.java:[3,29] package com.hag.api.bootstrap does not exist
[ERROR] /C:/Test Automation/H-A-G/hag-runner/src/main/java/com/hag/runner/bootstrap/FrameworkBootstrap.java:[16,28] package com.hag.db.bootstrap does not exist
[INFO] 5 errors 
[INFO] -------------------------------------------------------------
[INFO] ------------------------------------------------------------------------
[INFO] BUILD FAILURE
[INFO] ------------------------------------------------------------------------
[INFO] Total time:  3.655 s
[INFO] Finished at: 2026-03-08T18:25:11+05:30
[INFO] ------------------------------------------------------------------------
[ERROR] Failed to execute goal org.apache.maven.plugins:maven-compiler-plugin:3.14.1:compile (default-compile) on project hag-runner: Compilation failure: Compilation failure: 
[ERROR] /C:/Test Automation/H-A-G/hag-runner/src/main/java/com/hag/runner/HagTestBase.java:[3,27] package com.hag.api.adapter does not exist
[ERROR] /C:/Test Automation/H-A-G/hag-runner/src/main/java/com/hag/runner/HagTestBase.java:[6,26] package com.hag.db.adapter does not exist
[ERROR] /C:/Test Automation/H-A-G/hag-runner/src/main/java/com/hag/runner/HagTestBase.java:[7,28] package com.hag.db.bootstrap does not exist
[ERROR] /C:/Test Automation/H-A-G/hag-runner/src/main/java/com/hag/runner/bootstrap/FrameworkBootstrap.java:[3,29] package com.hag.api.bootstrap does not exist
[ERROR] /C:/Test Automation/H-A-G/hag-runner/src/main/java/com/hag/runner/bootstrap/FrameworkBootstrap.java:[16,28] package com.hag.db.bootstrap does not exist
[ERROR] -> [Help 1]
[ERROR] 
[ERROR] To see the full stack trace of the errors, re-run Maven with the -e switch.
[ERROR] Re-run Maven using the -X switch to enable full debug logging.
[ERROR] 
[ERROR] For more information about the errors and possible solutions, please read the following articles:
[ERROR] [Help 1] http://cwiki.apache.org/confluence/display/MAVEN/MojoFailureException
