[INFO] Scanning for projects...
[INFO] 
[INFO] -------------------------< com.hag:hag-runner >-------------------------
[INFO] Building hag-runner 1.0.0-SNAPSHOT
[INFO]   from pom.xml
[INFO] --------------------------------[ jar ]---------------------------------
[INFO] 
[INFO] --- resources:3.3.1:resources (default-resources) @ hag-runner ---
[INFO] Copying 1 resource from src\main\resources to target\classes
[INFO] 
[INFO] --- compiler:3.14.1:compile (default-compile) @ hag-runner ---
[INFO] Nothing to compile - all classes are up to date.
[INFO] 
[INFO] --- resources:3.3.1:testResources (default-testResources) @ hag-runner ---
[INFO] skip non existing resourceDirectory C:\Test Automation\H-A-G\hag-runner\src\test\resources
[INFO] 
[INFO] --- compiler:3.14.1:testCompile (default-testCompile) @ hag-runner ---
[INFO] Nothing to compile - all classes are up to date.
[INFO] 
[INFO] --- surefire:3.5.4:test (default-test) @ hag-runner ---
[INFO] Using auto detected provider org.apache.maven.surefire.testng.TestNGProvider
[INFO] 
[INFO] -------------------------------------------------------
[INFO]  T E S T S
[INFO] -------------------------------------------------------
[INFO] Running TestSuite
mvn : [main] INFO com.
hag.runner.listener.Ha
gSuiteListener - ?????
??????????????????????
????????????????????
At line:1 char:32
+ ... n install 
-DskipTests; mvn test 
-pl hag-runner > 
test_output.txt 2>&1
+                     
       ~~~~~~~~~~~~~~~
~~~~~~~~~~~~~~~~~~~~~~
~~~~~~~~~
    + CategoryInfo    
          : NotSpeci  
  fied: ([main] INF   
 O com...?????????    
??????:String) []    
, RemoteException
    + FullyQualifiedE 
   rrorId : NativeCo  
  mmandError
 
[main] INFO com.hag.ru
nner.listener.HagSuite
Listener -   HAG ? 
SUITE STARTED: H-A-G 
Suite
[main] INFO com.hag.ru
nner.listener.HagSuite
Listener - ???????????
??????????????????????
??????????????
[main] INFO com.hag.ru
nner.bootstrap.Framewo
rkBootstrap - HAG ? 
Bootstrap starting 
from: C:\Test 
Automation\H-A-G
[main] INFO com.hag.ru
nner.bootstrap.Framewo
rkBootstrap - HAG ? 
Core actions 
registered
[main] INFO com.hag.ru
nner.bootstrap.Framewo
rkBootstrap - HAG ? 
UI actions registered
[main] INFO com.hag.ru
nner.bootstrap.Framewo
rkBootstrap - HAG ? 
API actions registered
[main] INFO com.hag.ru
nner.bootstrap.Framewo
rkBootstrap - HAG ? 
DB actions registered
[main] INFO com.hag.ru
nner.bootstrap.Framewo
rkBootstrap - HAG ? 
Bootstrap complete
[main] INFO com.hag.ru
nner.HagTestBase - 
HAG ? Suite setup 
complete (engine 
ready)
[TestNG-test-BulkAll-1
] INFO com.hag.runner.
suite.BulkTestRunner 
- HAG BulkRunner ? 
scanning: C:\Test 
Automation\H-A-G\tests
[TestNG-test-BulkAll-1
] INFO com.hag.runner.
suite.SuiteDiscovery 
- SuiteDiscovery ? 
discovered 3 
scenarios in: C:\Test 
Automation\H-A-G\tests
[TestNG-PoolService-1]
 INFO io.github.boniga
rcia.wdm.WebDriverMana
ger - Using 
chromedriver 
145.0.7632.117 
(resolved driver for 
Chrome 145)
[TestNG-PoolService-1]
 INFO io.github.boniga
rcia.wdm.WebDriverMana
ger - Exporting webdri
ver.chrome.driver as C
:\Users\palad\.cache\s
elenium\chromedriver\w
in64\145.0.7632.117\ch
romedriver.exe
Mar 08, 2026 6:54:47 
PM org.openqa.selenium
.devtools.CdpVersionFi
nder findNearestMatch
WARNING: Unable to 
find CDP 
implementation 
matching 145
Mar 08, 2026 6:54:47 
PM org.openqa.selenium
.chromium.ChromiumDriv
er lambda$new$5
WARNING: Unable to 
find version of CDP 
to use for 
145.0.7632.117. You 
may need to include a 
dependency on a 
specific version of 
the CDP using 
something similar to `
org.seleniumhq.seleniu
m:selenium-devtools-v8
6:4.21.0` where the 
version ("v86") 
matches the version 
of the chromium-based 
browser you're using 
and the version 
number of the 
artifact is the same 
as Selenium's.
[TestNG-PoolService-1]
 INFO com.hag.runner.H
agTestBase - HAG ? 
Test context ready [th
read=TestNG-PoolServic
e-1, browser=chrome]
[TestNG-PoolService-1]
 INFO com.hag.runner.l
istener.HagSuiteListen
er - ? TEST START: 
runScenario
[TestNG-PoolService-1]
 INFO com.hag.runner.s
uite.BulkTestRunner - 
HAG ? 
[Jsonplaceholder 
Demo] group=demo-api 
path=C:\Test Automatio
n\H-A-G\tests\demo-api
\jsonplaceholder_demo.
csv
[TestNG-PoolService-1]
 INFO com.hag.runner.H
agTestBase - HAG ? 
Running 
[Jsonplaceholder 
Demo] ? C:\Test Automa
tion\H-A-G\tests\demo-
api\jsonplaceholder_de
mo.csv
[TestNG-PoolService-1]
 INFO com.hag.core.rep
orting.engine.ConsoleR
eportEngine - 
[TEST_STARTED] 
Test=Jsonplaceholder 
Demo, Timestamp=177297
6287535
[TestNG-PoolService-1]
 INFO com.hag.core.rep
orting.engine.ConsoleR
eportEngine - 
[STEP_STARTED] 
Test=Jsonplaceholder 
Demo, Timestamp=177297
6287546
[TestNG-PoolService-1]
 INFO com.hag.core.rep
orting.engine.ConsoleR
eportEngine - 
[STEP_FINISHED] 
Test=Jsonplaceholder 
Demo, Timestamp=177297
6287546
[TestNG-PoolService-1]
 INFO com.hag.core.rep
orting.engine.ConsoleR
eportEngine - 
[STEP_STARTED] 
Test=Jsonplaceholder 
Demo, Timestamp=177297
6287546
[TestNG-PoolService-1]
 INFO com.hag.api.adap
ter.RestAssuredApiAdap
ter - API ? GET https:
//jsonplaceholder.typi
code.com/posts/1
[HAG] Getting Post Details from JSONPlaceholder...
Request URI:	https://jsonplaceholder.typicode.com/posts/1
[TestNG-PoolService-1]
 INFO com.hag.api.adap
ter.RestAssuredApiAdap
ter - API ? 200 
(body-length=292)
[TestNG-PoolService-1]
 INFO com.hag.core.rep
orting.engine.ConsoleR
eportEngine - 
[STEP_FINISHED] 
Test=Jsonplaceholder 
Demo, Timestamp=177297
6290530
[TestNG-PoolService-1]
 INFO com.hag.core.rep
orting.engine.ConsoleR
eportEngine - 
[STEP_STARTED] 
Test=Jsonplaceholder 
Demo, Timestamp=177297
6290530
[TestNG-PoolService-1]
 INFO com.hag.core.rep
orting.engine.ConsoleR
eportEngine - 
[STEP_FINISHED] 
Test=Jsonplaceholder 
Demo, Timestamp=177297
6290530
[TestNG-PoolService-1]
 INFO com.hag.core.rep
orting.engine.ConsoleR
eportEngine - 
[STEP_STARTED] 
Test=Jsonplaceholder 
Demo, Timestamp=177297
6290530
[TestNG-PoolService-1]
 INFO com.hag.core.rep
orting.engine.ConsoleR
eportEngine - 
[STEP_FINISHED] 
Test=Jsonplaceholder 
Demo, Timestamp=177297
6290533
[TestNG-PoolService-1]
 INFO com.hag.core.rep
orting.engine.ConsoleR
eportEngine - 
[STEP_STARTED] 
Test=Jsonplaceholder 
Demo, Timestamp=177297
6290533
[HAG] Successfully retrieved post 1.
[TestNG-PoolService-1]
 INFO com.hag.core.rep
orting.engine.ConsoleR
eportEngine - 
[STEP_FINISHED] 
Test=Jsonplaceholder 
Demo, Timestamp=177297
6290533
[TestNG-PoolService-1]
 INFO com.hag.core.rep
orting.engine.ConsoleR
eportEngine - 
[STEP_STARTED] 
Test=Jsonplaceholder 
Demo, Timestamp=177297
6290533
[HAG] Creating a new Post...
[TestNG-PoolService-1]
 INFO com.hag.core.rep
orting.engine.ConsoleR
eportEngine - 
[STEP_FINISHED] 
Test=Jsonplaceholder 
Demo, Timestamp=177297
6290533
[TestNG-PoolService-1]
 INFO com.hag.core.rep
orting.engine.ConsoleR
eportEngine - 
[STEP_STARTED] 
Test=Jsonplaceholder 
Demo, Timestamp=177297
6290533
[TestNG-PoolService-1]
 INFO com.hag.api.adap
ter.RestAssuredApiAdap
ter - API ? POST https
://jsonplaceholder.typ
icode.com/posts
Request URI:	https://jsonplaceholder.typicode.com/posts
[TestNG-PoolService-1]
 INFO com.hag.api.adap
ter.RestAssuredApiAdap
ter - API ? 201 
(body-length=118)
[TestNG-PoolService-1]
 INFO com.hag.core.rep
orting.engine.ConsoleR
eportEngine - 
[STEP_FINISHED] 
Test=Jsonplaceholder 
Demo, Timestamp=177297
6292721
[TestNG-PoolService-1]
 INFO com.hag.core.rep
orting.engine.ConsoleR
eportEngine - 
[STEP_STARTED] 
Test=Jsonplaceholder 
Demo, Timestamp=177297
6292721
[TestNG-PoolService-1]
 INFO com.hag.core.rep
orting.engine.ConsoleR
eportEngine - 
[STEP_FINISHED] 
Test=Jsonplaceholder 
Demo, Timestamp=177297
6292721
[TestNG-PoolService-1]
 INFO com.hag.core.rep
orting.engine.ConsoleR
eportEngine - 
[STEP_STARTED] 
Test=Jsonplaceholder 
Demo, Timestamp=177297
6292722
[TestNG-PoolService-1]
 INFO com.hag.core.rep
orting.engine.ConsoleR
eportEngine - 
[STEP_FINISHED] 
Test=Jsonplaceholder 
Demo, Timestamp=177297
6292722
[TestNG-PoolService-1]
 INFO com.hag.core.rep
orting.engine.ConsoleR
eportEngine - 
[STEP_STARTED] 
Test=Jsonplaceholder 
Demo, Timestamp=177297
6292722
[HAG] Created post ID is: 101
[TestNG-PoolService-1]
 INFO com.hag.core.rep
orting.engine.ConsoleR
eportEngine - 
[STEP_FINISHED] 
Test=Jsonplaceholder 
Demo, Timestamp=177297
6292724
[TestNG-PoolService-1]
 INFO com.hag.core.rep
orting.engine.ConsoleR
eportEngine - 
[STEP_STARTED] 
Test=Jsonplaceholder 
Demo, Timestamp=177297
6292724
[TestNG-PoolService-1]
 INFO com.hag.core.rep
orting.engine.ConsoleR
eportEngine - 
[STEP_FINISHED] 
Test=Jsonplaceholder 
Demo, Timestamp=177297
6292726
[TestNG-PoolService-1]
 INFO com.hag.core.rep
orting.engine.ConsoleR
eportEngine - 
[TEST_FINISHED] 
Test=Jsonplaceholder 
Demo, Timestamp=177297
6292726
[TestNG-PoolService-1]
 INFO com.hag.runner.l
istener.HagSuiteListen
er - ? TEST PASSED: 
runScenario (5195ms)
[TestNG-PoolService-1]
 INFO io.github.boniga
rcia.wdm.WebDriverMana
ger - Using 
chromedriver 
145.0.7632.117 
(resolved driver for 
Chrome 145)
[TestNG-PoolService-1]
 INFO io.github.boniga
rcia.wdm.WebDriverMana
ger - Exporting webdri
ver.chrome.driver as C
:\Users\palad\.cache\s
elenium\chromedriver\w
in64\145.0.7632.117\ch
romedriver.exe
Mar 08, 2026 6:54:53 
PM org.openqa.selenium
.devtools.CdpVersionFi
nder findNearestMatch
WARNING: Unable to 
find CDP 
implementation 
matching 145
Mar 08, 2026 6:54:53 
PM org.openqa.selenium
.chromium.ChromiumDriv
er lambda$new$5
WARNING: Unable to 
find version of CDP 
to use for 
145.0.7632.117. You 
may need to include a 
dependency on a 
specific version of 
the CDP using 
something similar to `
org.seleniumhq.seleniu
m:selenium-devtools-v8
6:4.21.0` where the 
version ("v86") 
matches the version 
of the chromium-based 
browser you're using 
and the version 
number of the 
artifact is the same 
as Selenium's.
[TestNG-PoolService-1]
 INFO com.hag.runner.H
agTestBase - HAG ? 
Test context ready [th
read=TestNG-PoolServic
e-1, browser=chrome]
[TestNG-PoolService-1]
 INFO com.hag.runner.l
istener.HagSuiteListen
er - ? TEST START: 
runScenario
[TestNG-PoolService-1]
 INFO com.hag.runner.s
uite.BulkTestRunner - 
HAG ? [H2 Demo] 
group=demo-db 
path=C:\Test Automatio
n\H-A-G\tests\demo-db\
h2_demo.csv
[TestNG-PoolService-1]
 INFO com.hag.runner.H
agTestBase - HAG ? 
Running [H2 Demo] ? 
C:\Test Automation\H-A
-G\tests\demo-db\h2_de
mo.csv
[TestNG-PoolService-1]
 INFO com.hag.core.rep
orting.engine.ConsoleR
eportEngine - 
[TEST_STARTED] 
Test=H2 Demo, Timestam
p=1772976293711
[TestNG-PoolService-1]
 INFO com.hag.core.rep
orting.engine.ConsoleR
eportEngine - 
[STEP_STARTED] 
Test=H2 Demo, Timestam
p=1772976293711
[HAG] Initializing embedded H2 database with demo table and data...
[TestNG-PoolService-1]
 INFO com.hag.core.rep
orting.engine.ConsoleR
eportEngine - 
[STEP_FINISHED] 
Test=H2 Demo, Timestam
p=1772976293711
[TestNG-PoolService-1]
 INFO com.hag.core.rep
orting.engine.ConsoleR
eportEngine - 
[STEP_STARTED] 
Test=H2 Demo, Timestam
p=1772976293711
[TestNG-PoolService-1]
 INFO com.hag.core.rep
orting.engine.ConsoleR
eportEngine - 
[STEP_FINISHED] 
Test=H2 Demo, Timestam
p=1772976293717
[TestNG-PoolService-1]
 INFO com.hag.core.rep
orting.engine.ConsoleR
eportEngine - 
[STEP_STARTED] 
Test=H2 Demo, Timestam
p=1772976293717
[TestNG-PoolService-1]
 INFO com.hag.db.adapt
er.JdbcDbAdapter - DB 
? EXECUTE: DROP TABLE 
IF EXISTS demo_users
[TestNG-PoolService-1]
 INFO com.hag.db.adapt
er.JdbcDbAdapter - DB 
? Opening connection 
to: jdbc:h2:mem:demo_d
b;DB_CLOSE_DELAY=-1
[TestNG-PoolService-1]
 INFO com.hag.db.adapt
er.JdbcDbAdapter - DB 
? 0 row(s) affected
[TestNG-PoolService-1]
 INFO com.hag.core.rep
orting.engine.ConsoleR
eportEngine - 
[STEP_FINISHED] 
Test=H2 Demo, Timestam
p=1772976294169
[TestNG-PoolService-1]
 INFO com.hag.core.rep
orting.engine.ConsoleR
eportEngine - 
[STEP_STARTED] 
Test=H2 Demo, Timestam
p=1772976294169
[TestNG-PoolService-1]
 INFO com.hag.db.adapt
er.JdbcDbAdapter - DB 
? EXECUTE: CREATE 
TABLE demo_users (id 
INT AUTO_INCREMENT 
PRIMARY KEY, username 
VARCHAR(50) NOT NULL, 
status VARCHAR(20) 
NOT NULL)
[TestNG-PoolService-1]
 INFO com.hag.db.adapt
er.JdbcDbAdapter - DB 
? 0 row(s) affected
[TestNG-PoolService-1]
 INFO com.hag.core.rep
orting.engine.ConsoleR
eportEngine - 
[STEP_FINISHED] 
Test=H2 Demo, Timestam
p=1772976294175
[TestNG-PoolService-1]
 INFO com.hag.core.rep
orting.engine.ConsoleR
eportEngine - 
[STEP_STARTED] 
Test=H2 Demo, Timestam
p=1772976294175
[TestNG-PoolService-1]
 INFO com.hag.db.adapt
er.JdbcDbAdapter - DB 
? EXECUTE: INSERT 
INTO demo_users 
(username, status) 
VALUES ('Alice', 
'ACTIVE')
[TestNG-PoolService-1]
 INFO com.hag.db.adapt
er.JdbcDbAdapter - DB 
? 1 row(s) affected
[TestNG-PoolService-1]
 INFO com.hag.core.rep
orting.engine.ConsoleR
eportEngine - 
[STEP_FINISHED] 
Test=H2 Demo, Timestam
p=1772976294183
[TestNG-PoolService-1]
 INFO com.hag.core.rep
orting.engine.ConsoleR
eportEngine - 
[STEP_STARTED] 
Test=H2 Demo, Timestam
p=1772976294183
[HAG] Executing SELECT query to verify data...
[TestNG-PoolService-1]
 INFO com.hag.core.rep
orting.engine.ConsoleR
eportEngine - 
[STEP_FINISHED] 
Test=H2 Demo, Timestam
p=1772976294183
[TestNG-PoolService-1]
 INFO com.hag.core.rep
orting.engine.ConsoleR
eportEngine - 
[STEP_STARTED] 
Test=H2 Demo, Timestam
p=1772976294183
[TestNG-PoolService-1]
 INFO com.hag.db.adapt
er.JdbcDbAdapter - DB 
? QUERY: SELECT * 
FROM demo_users WHERE 
username = 'Alice'
[TestNG-PoolService-1]
 INFO com.hag.db.adapt
er.JdbcDbAdapter - DB 
? 1 rows returned
[TestNG-PoolService-1]
 INFO com.hag.core.rep
orting.engine.ConsoleR
eportEngine - 
[STEP_FINISHED] 
Test=H2 Demo, Timestam
p=1772976294205
[TestNG-PoolService-1]
 INFO com.hag.core.rep
orting.engine.ConsoleR
eportEngine - 
[STEP_STARTED] 
Test=H2 Demo, Timestam
p=1772976294205
[TestNG-PoolService-1]
 INFO com.hag.core.rep
orting.engine.ConsoleR
eportEngine - 
[STEP_FINISHED] 
Test=H2 Demo, Timestam
p=1772976294207
[TestNG-PoolService-1]
 INFO com.hag.core.rep
orting.engine.ConsoleR
eportEngine - 
[STEP_STARTED] 
Test=H2 Demo, Timestam
p=1772976294207
[TestNG-PoolService-1]
 INFO com.hag.core.rep
orting.engine.ConsoleR
eportEngine - 
[STEP_FINISHED] 
Test=H2 Demo, Timestam
p=1772976294208
[TestNG-PoolService-1]
 INFO com.hag.core.rep
orting.engine.ConsoleR
eportEngine - 
[STEP_STARTED] 
Test=H2 Demo, Timestam
p=1772976294209
[TestNG-PoolService-1]
 INFO com.hag.core.rep
orting.engine.ConsoleR
eportEngine - 
[STEP_FINISHED] 
Test=H2 Demo, Timestam
p=1772976294209
[TestNG-PoolService-1]
 INFO com.hag.core.rep
orting.engine.ConsoleR
eportEngine - 
[STEP_STARTED] 
Test=H2 Demo, Timestam
p=1772976294209
[TestNG-PoolService-1]
 INFO com.hag.core.rep
orting.engine.ConsoleR
eportEngine - 
[STEP_FINISHED] 
Test=H2 Demo, Timestam
p=1772976294209
[TestNG-PoolService-1]
 INFO com.hag.core.rep
orting.engine.ConsoleR
eportEngine - 
[STEP_STARTED] 
Test=H2 Demo, Timestam
p=1772976294209
[TestNG-PoolService-1]
 INFO com.hag.core.rep
orting.engine.ConsoleR
eportEngine - 
[STEP_FINISHED] 
Test=H2 Demo, Timestam
p=1772976294209
[TestNG-PoolService-1]
 INFO com.hag.core.rep
orting.engine.ConsoleR
eportEngine - 
[STEP_STARTED] 
Test=H2 Demo, Timestam
p=1772976294209
[HAG] Inserting user Bob with status PENDING...
[TestNG-PoolService-1]
 INFO com.hag.core.rep
orting.engine.ConsoleR
eportEngine - 
[STEP_FINISHED] 
Test=H2 Demo, Timestam
p=1772976294209
[TestNG-PoolService-1]
 INFO com.hag.core.rep
orting.engine.ConsoleR
eportEngine - 
[STEP_STARTED] 
Test=H2 Demo, Timestam
p=1772976294209
[TestNG-PoolService-1]
 INFO com.hag.db.adapt
er.JdbcDbAdapter - DB 
? EXECUTE: INSERT 
INTO demo_users 
(username, status) 
VALUES ('Bob', 
'PENDING')
[TestNG-PoolService-1]
 INFO com.hag.db.adapt
er.JdbcDbAdapter - DB 
? 1 row(s) affected
[TestNG-PoolService-1]
 INFO com.hag.core.rep
orting.engine.ConsoleR
eportEngine - 
[STEP_FINISHED] 
Test=H2 Demo, Timestam
p=1772976294209
[TestNG-PoolService-1]
 INFO com.hag.core.rep
orting.engine.ConsoleR
eportEngine - 
[STEP_STARTED] 
Test=H2 Demo, Timestam
p=1772976294209
[TestNG-PoolService-1]
 INFO com.hag.core.rep
orting.engine.ConsoleR
eportEngine - 
[STEP_FINISHED] 
Test=H2 Demo, Timestam
p=1772976294209
[TestNG-PoolService-1]
 INFO com.hag.core.rep
orting.engine.ConsoleR
eportEngine - 
[STEP_STARTED] 
Test=H2 Demo, Timestam
p=1772976294209
[HAG] Verifying row insertion...
[TestNG-PoolService-1]
 INFO com.hag.db.adapt
er.JdbcDbAdapter - DB 
? QUERY: SELECT * 
FROM demo_users WHERE 
username = 'Bob'
[TestNG-PoolService-1]
 INFO com.hag.db.adapt
er.JdbcDbAdapter - DB 
? 1 rows returned
[TestNG-PoolService-1]
 INFO com.hag.core.rep
orting.engine.ConsoleR
eportEngine - 
[STEP_FINISHED] 
Test=H2 Demo, Timestam
p=1772976294209
[TestNG-PoolService-1]
 INFO com.hag.core.rep
orting.engine.ConsoleR
eportEngine - 
[STEP_STARTED] 
Test=H2 Demo, Timestam
p=1772976294209
[TestNG-PoolService-1]
 INFO com.hag.core.rep
orting.engine.ConsoleR
eportEngine - 
[STEP_FINISHED] 
Test=H2 Demo, Timestam
p=1772976294209
[TestNG-PoolService-1]
 INFO com.hag.core.rep
orting.engine.ConsoleR
eportEngine - 
[STEP_STARTED] 
Test=H2 Demo, Timestam
p=1772976294209
[TestNG-PoolService-1]
 INFO com.hag.core.rep
orting.engine.ConsoleR
eportEngine - 
[STEP_FINISHED] 
Test=H2 Demo, Timestam
p=1772976294209
[TestNG-PoolService-1]
 INFO com.hag.core.rep
orting.engine.ConsoleR
eportEngine - 
[STEP_STARTED] 
Test=H2 Demo, Timestam
p=1772976294209
[TestNG-PoolService-1]
 INFO com.hag.core.rep
orting.engine.ConsoleR
eportEngine - 
[STEP_FINISHED] 
Test=H2 Demo, Timestam
p=1772976294209
[TestNG-PoolService-1]
 INFO com.hag.core.rep
orting.engine.ConsoleR
eportEngine - 
[STEP_STARTED] 
Test=H2 Demo, Timestam
p=1772976294209
[HAG] Stored ID from DB is: 2
[TestNG-PoolService-1]
 INFO com.hag.core.rep
orting.engine.ConsoleR
eportEngine - 
[STEP_FINISHED] 
Test=H2 Demo, Timestam
p=1772976294209
[TestNG-PoolService-1]
 INFO com.hag.core.rep
orting.engine.ConsoleR
eportEngine - 
[STEP_STARTED] 
Test=H2 Demo, Timestam
p=1772976294209
[HAG] Embedded database demo complete.
[TestNG-PoolService-1]
 INFO com.hag.core.rep
orting.engine.ConsoleR
eportEngine - 
[STEP_FINISHED] 
Test=H2 Demo, Timestam
p=1772976294209
[TestNG-PoolService-1]
 INFO com.hag.core.rep
orting.engine.ConsoleR
eportEngine - 
[TEST_FINISHED] 
Test=H2 Demo, Timestam
p=1772976294209
[TestNG-PoolService-1]
 INFO com.hag.runner.l
istener.HagSuiteListen
er - ? TEST PASSED: 
runScenario (498ms)
[TestNG-PoolService-1]
 INFO com.hag.db.adapt
er.JdbcDbAdapter - DB 
? Connection closed
[TestNG-PoolService-1]
 INFO io.github.boniga
rcia.wdm.WebDriverMana
ger - Using 
chromedriver 
145.0.7632.117 
(resolved driver for 
Chrome 145)
[TestNG-PoolService-1]
 INFO io.github.boniga
rcia.wdm.WebDriverMana
ger - Exporting webdri
ver.chrome.driver as C
:\Users\palad\.cache\s
elenium\chromedriver\w
in64\145.0.7632.117\ch
romedriver.exe
Mar 08, 2026 6:54:55 
PM org.openqa.selenium
.devtools.CdpVersionFi
nder findNearestMatch
WARNING: Unable to 
find CDP 
implementation 
matching 145
Mar 08, 2026 6:54:55 
PM org.openqa.selenium
.chromium.ChromiumDriv
er lambda$new$5
WARNING: Unable to 
find version of CDP 
to use for 
145.0.7632.117. You 
may need to include a 
dependency on a 
specific version of 
the CDP using 
something similar to `
org.seleniumhq.seleniu
m:selenium-devtools-v8
6:4.21.0` where the 
version ("v86") 
matches the version 
of the chromium-based 
browser you're using 
and the version 
number of the 
artifact is the same 
as Selenium's.
[TestNG-PoolService-1]
 INFO com.hag.runner.H
agTestBase - HAG ? 
Test context ready [th
read=TestNG-PoolServic
e-1, browser=chrome]
[TestNG-PoolService-1]
 INFO com.hag.runner.l
istener.HagSuiteListen
er - ? TEST START: 
runScenario
[TestNG-PoolService-1]
 INFO com.hag.runner.s
uite.BulkTestRunner - 
HAG ? [Internet 
Login] group=demo-ui 
path=C:\Test Automatio
n\H-A-G\tests\demo-ui\
internet_login.csv
[TestNG-PoolService-1]
 INFO com.hag.runner.H
agTestBase - HAG ? 
Running [Internet 
Login] ? C:\Test Autom
ation\H-A-G\tests\demo
-ui\internet_login.csv
[TestNG-PoolService-1]
 INFO com.hag.core.rep
orting.engine.ConsoleR
eportEngine - 
[TEST_STARTED] 
Test=Internet Login, T
imestamp=1772976295125
[TestNG-PoolService-1]
 INFO com.hag.core.rep
orting.engine.ConsoleR
eportEngine - 
[STEP_STARTED] 
Test=Internet Login, T
imestamp=1772976295125
[HAG] Navigating to the-internet login page...
[TestNG-PoolService-1]
 INFO com.hag.core.rep
orting.engine.ConsoleR
eportEngine - 
[STEP_FINISHED] 
Test=Internet Login, T
imestamp=1772976295125
[TestNG-PoolService-1]
 INFO com.hag.core.rep
orting.engine.ConsoleR
eportEngine - 
[STEP_STARTED] 
Test=Internet Login, T
imestamp=1772976295125
[TestNG-PoolService-1]
 INFO com.hag.core.rep
orting.engine.ConsoleR
eportEngine - 
[STEP_FINISHED] 
Test=Internet Login, T
imestamp=1772976298399
[TestNG-PoolService-1]
 INFO com.hag.core.rep
orting.engine.ConsoleR
eportEngine - 
[STEP_STARTED] 
Test=Internet Login, T
imestamp=1772976298399
[TestNG-PoolService-1]
 INFO com.hag.core.rep
orting.engine.ConsoleR
eportEngine - 
[STEP_FINISHED] 
Test=Internet Login, T
imestamp=1772976298399
[HAG] Entering credentials: tomsmith / SuperSecretPassword!
[TestNG-PoolService-1]
 INFO com.hag.core.rep
orting.engine.ConsoleR
eportEngine - 
[STEP_STARTED] 
Test=Internet Login, T
imestamp=1772976298399
[TestNG-PoolService-1]
 INFO com.hag.core.rep
orting.engine.ConsoleR
eportEngine - 
[STEP_FINISHED] 
Test=Internet Login, T
imestamp=1772976298577
[TestNG-PoolService-1]
 INFO com.hag.core.rep
orting.engine.ConsoleR
eportEngine - 
[STEP_STARTED] 
Test=Internet Login, T
imestamp=1772976298577
[TestNG-PoolService-1]
 INFO com.hag.core.rep
orting.engine.ConsoleR
eportEngine - 
[STEP_FINISHED] 
Test=Internet Login, T
imestamp=1772976298644
[TestNG-PoolService-1]
 INFO com.hag.core.rep
orting.engine.ConsoleR
eportEngine - 
[STEP_STARTED] 
Test=Internet Login, T
imestamp=1772976298644
[TestNG-PoolService-1]
 INFO com.hag.core.rep
orting.engine.ConsoleR
eportEngine - 
[STEP_FINISHED] 
Test=Internet Login, T
imestamp=1772976298710
[TestNG-PoolService-1]
 INFO com.hag.core.rep
orting.engine.ConsoleR
eportEngine - 
[STEP_STARTED] 
Test=Internet Login, T
imestamp=1772976298710
[TestNG-PoolService-1]
 INFO com.hag.core.rep
orting.engine.ConsoleR
eportEngine - 
[STEP_FINISHED] 
Test=Internet Login, T
imestamp=1772976298710
[TestNG-PoolService-1]
 INFO com.hag.core.rep
orting.engine.ConsoleR
eportEngine - 
[STEP_STARTED] 
Test=Internet Login, T
imestamp=1772976298710
[HAG] Verifying successful login message...
[TestNG-PoolService-1]
 INFO com.hag.core.rep
orting.engine.ConsoleR
eportEngine - 
[STEP_FINISHED] 
Test=Internet Login, T
imestamp=1772976299308
[TestNG-PoolService-1]
 INFO com.hag.core.rep
orting.engine.ConsoleR
eportEngine - 
[STEP_STARTED] 
Test=Internet Login, T
imestamp=1772976299308
[HAG] Login successful!
[TestNG-PoolService-1]
 INFO com.hag.core.rep
orting.engine.ConsoleR
eportEngine - 
[STEP_FINISHED] 
Test=Internet Login, T
imestamp=1772976299308
[TestNG-PoolService-1]
 INFO com.hag.core.rep
orting.engine.ConsoleR
eportEngine - 
[TEST_FINISHED] 
Test=Internet Login, T
imestamp=1772976299308
[TestNG-PoolService-1]
 INFO com.hag.runner.l
istener.HagSuiteListen
er - ? TEST PASSED: 
runScenario (4183ms)
[main] INFO com.hag.ru
nner.HagTestBase - 
HAG ? Suite teardown 
complete
[main] INFO com.hag.ru
nner.listener.HagSuite
Listener - ???????????
??????????????????????
??????????????
[main] INFO com.hag.ru
nner.listener.HagSuite
Listener -   HAG ? 
SUITE FINISHED: H-A-G 
Suite
[main] INFO com.hag.ru
nner.listener.HagSuite
Listener - ???????????
??????????????????????
??????????????
[INFO] Tests run: 3, Failures: 0, Errors: 0, Skipped: 0, Time elapsed: 15.15 s -- in TestSuite
[INFO] 
[INFO] Results:
[INFO] 
[INFO] Tests run: 3, Failures: 0, Errors: 0, Skipped: 0
[INFO] 
[INFO] ------------------------------------------------------------------------
[INFO] BUILD SUCCESS
[INFO] ------------------------------------------------------------------------
[INFO] Total time:  17.731 s
[INFO] Finished at: 2026-03-08T18:55:00+05:30
[INFO] ------------------------------------------------------------------------
